ERC report (2026-10-07T06:19:28, Encoding UTF8)
Report includes: Errors, Warnings, Exclusions

***** Sheet /
[pin_not_connected]: Pin not connected
    ; error
    @(133.35 mm, 80.01 mm): Symbol U3 Pin 23 [VBUS, Power input, Line]
[power_pin_not_driven]: Input Power pin not driven by any Output Power pins
    ; error
    @(133.35 mm, 80.01 mm): Symbol U3 Pin 23 [VBUS, Power input, Line]
[pin_not_connected]: Pin not connected
    ; error
    @(133.35 mm, 85.09 mm): Symbol U3 Pin 2 [STAT, Open collector, Line]
[pin_not_connected]: Pin not connected
    ; error
    @(133.35 mm, 87.63 mm): Symbol U3 Pin 1 [~{PG}, Open collector, Line]
[pin_not_connected]: Pin not connected
    ; error
    @(133.35 mm, 92.71 mm): Symbol U3 Pin 5 [SCL, Input, Line]
[pin_not_driven]: Input pin not driven by any Output pins
    ; error
    @(133.35 mm, 92.71 mm): Symbol U3 Pin 5 [SCL, Input, Line]
[pin_not_connected]: Pin not connected
    ; error
    @(133.35 mm, 95.25 mm): Symbol U3 Pin 4 [SDA, Bidirectional, Line]
[pin_not_connected]: Pin not connected
    ; error
    @(133.35 mm, 100.33 mm): Symbol U3 Pin 6 [~{INT}, Open collector, Line]
[pin_not_connected]: Pin not connected
    ; error
    @(133.35 mm, 102.87 mm): Symbol U3 Pin 24 [PSEL, Input, Line]
[pin_not_driven]: Input pin not driven by any Output pins
    ; error
    @(133.35 mm, 102.87 mm): Symbol U3 Pin 24 [PSEL, Input, Line]
[pin_not_connected]: Pin not connected
    ; error
    @(133.35 mm, 105.41 mm): Symbol U3 Pin 3 [CD, Input, Line]
[pin_not_driven]: Input pin not driven by any Output pins
    ; error
    @(133.35 mm, 105.41 mm): Symbol U3 Pin 3 [CD, Input, Line]
[pin_not_connected]: Pin not connected
    ; error
    @(133.35 mm, 113.03 mm): Symbol U3 Hidden pin 16 [SNS, Passive, Line]
[pin_not_connected]: Pin not connected
    ; error
    @(133.35 mm, 115.57 mm): Symbol U3 Pin 8 [ILIM, Passive, Line]
[pin_not_connected]: Pin not connected
    ; error
    @(143.51 mm, 120.65 mm): Symbol U3 Pin 19 [GND, Power input, Line]
[power_pin_not_driven]: Input Power pin not driven by any Output Power pins
    ; error
    @(143.51 mm, 120.65 mm): Symbol U3 Pin 19 [GND, Power input, Line]
[pin_not_connected]: Pin not connected
    ; error
    @(153.67 mm, 80.01 mm): Symbol U3 Pin 21 [PMID, Power output, Line]
[pin_not_connected]: Pin not connected
    ; error
    @(153.67 mm, 85.09 mm): Symbol U3 Pin 17 [SW, Power output, Line]
[pin_not_connected]: Pin not connected
    ; error
    @(153.67 mm, 90.17 mm): Symbol U3 Pin 12 [BTST, Passive, Line]
[pin_not_connected]: Pin not connected
    ; error
    @(153.67 mm, 97.79 mm): Symbol U3 Hidden pin 14 [BAT, Passive, Line]
[pin_not_connected]: Pin not connected
    ; error
    @(153.67 mm, 102.87 mm): Symbol U3 Pin 9 [MID, Input, Line]
[pin_not_driven]: Input pin not driven by any Output pins
    ; error
    @(153.67 mm, 102.87 mm): Symbol U3 Pin 9 [MID, Input, Line]
[pin_not_connected]: Pin not connected
    ; error
    @(153.67 mm, 105.41 mm): Symbol U3 Pin 10 [CBSET, Power output, Line]
[pin_not_connected]: Pin not connected
    ; error
    @(153.67 mm, 110.49 mm): Symbol U3 Pin 11 [REGN, Power output, Line]
[pin_not_connected]: Pin not connected
    ; error
    @(153.67 mm, 115.57 mm): Symbol U3 Pin 7 [TS, Input, Line]
[pin_not_driven]: Input pin not driven by any Output pins
    ; error
    @(153.67 mm, 115.57 mm): Symbol U3 Pin 7 [TS, Input, Line]

 ** ERC messages: 26  Errors 26  Warnings 0

 ** Ignored checks:
    - Global label only appears once in the schematic
    - Four connection points are joined together
    - SPICE model issue
    - Assigned footprint doesn't match footprint filters
